counter filename_lines {filename=testdata/else.log} 6 2017-07-20T22:50:42Z
